Iniciando regeneración en español de 92 registros...
[1/100] Procesando en español...
[2/100] Procesando en español...
[3/100] Procesando en español...
[4/100] Procesando en español...
[5/100] Procesando en español...
[6/100] Procesando en español...
[7/100] Procesando en español...
[8/100] Procesando en español...
[9/100] Procesando en español...
[10/100] Procesando en español...
[11/100] Procesando en español...
[12/100] Procesando en español...
[13/100] Procesando en español...
[14/100] Procesando en español...
[15/100] Procesando en español...
[16/100] Procesando en español...
[17/100] Procesando en español...
[18/100] Procesando en español...
[19/100] Procesando en español...
[20/100] Procesando en español...
[21/100] Procesando en español...
[22/100] Procesando en español...
[23/100] Procesando en español...
[24/100] Procesando en español...
[25/100] Procesando en español...
[26/100] Procesando en español...
[27/100] Procesando en español...
[28/100] Procesando en español...
[29/100] Procesando en español...
[30/100] Procesando en español...
[31/100] Procesando en español...
[32/100] Procesando en español...
[33/100] Procesando en español...
[34/100] Procesando en español...
[35/100] Procesando en español...
[36/100] Proce[55/92] Procesando...
[56/92] Procesando...
[57/92] Procesando...
[58/92] Procesando...
[59/92] Procesando...
[60/92] Procesando...
[61/92] Procesando...
[62/92] Procesando...
[63/92] Procesando...
[64/92] Procesando...
[65/92] Procesando...
[66/92] Procesando...
[67/92] Procesando...
[68/92] Procesando...
[69/92] Procesando...
[70/92] Procesando...
[71/92] Procesando...
[72/92] Procesando...
[73/92] Procesando...
[74/92] Procesando...
[75/92] Procesando...
[76/92] Procesando...
[77/92] Procesando...
[78/92] Procesando...
[79/92] Procesando...
[80/92] Procesando...
[81/92] Procesando...
[82/92] Procesando...
[83/92] Procesando...
[84/92] Procesando...
[85/92] Procesando...
[86/92] Procesando...
[87/92] Procesando...
[88/92] Procesando...
[89/92] Procesando...
[90/92] Procesando...
[91/92] Procesando...
[92/92] Procesando...

Dataset generado en 'C:\Diego\Master IA\TFM\data\ragas_dataset_limpio100.json' (92 entradas)
100] Procesando en español...
[65/100] Procesando en español...
[66/100] Procesando en español...
[67/100] Procesando en español...
[68/100] Procesando en español...
[69/100] Procesando en español...
[70/100] Procesando en español...
[71/100] Procesando en español...
[72/100] Procesando en español...
[73/100] Procesando en español...
[74/100] Procesando en español...
[75/100] Procesando en español...
[76/100] Procesando en español...
[77/100] Procesando en español...
[78/100] Procesando en español...
[79/100] Procesando en español...
[80/100] Procesando en español...
[81/100] Procesando en español...
[82/100] Procesando en español...
[83/100] Procesando en español...
[84/100] Procesando en español...
[85/100] Procesando en español...
[86/100] Procesando en español...
[87/100] Procesando en español...
[88/100] Procesando en español...
[89/100] Procesando en español...
[90/100] Procesando en español...
[91/100] Procesando en español...
[92/100] Procesando en español...
Dataset v2 generado con éxito en 'C:\Diego\Master IA\TFM\data\ragas_dataset_limpio100.json'
